<?xml version="1.0" encoding="UTF-8"?>
<testsuites failures="0" tests="1">
	<testsuite failures="0" tests="1" name="AHK_YUnit">
		<testcase name="Test_16_Automation_JAB" classname="Test_RDA_JAB"/>
	</testsuite>
</testsuites>
